servere-1  | 2024-04-18T02:41:39.188Z [INFO]  raft: entering follower state: follower="Node at 172.20.0.3:6000 [Follower]" leader-address= leader-id=
serverd-1  | 2024-04-18T02:41:39.188Z [WARN]  raft: failed to get previous log: previous-index=3 last-index=0 error="log not found"
servera-1  | 2024-04-18T02:41:39.188Z [WARN]  raft: appendEntries rejected, sending older logs: peer="{Voter noded serverd:6000}" next=1
servera-1  | 2024-04-18T02:41:39.188Z [INFO]  raft: pipelining replication: peer="{Voter noded serverd:6000}"
servera-1  | [store] 2024/04/18 02:41:39 received join request for remote node nodee at servere:6000
servera-1  | 2024-04-18T02:41:39.189Z [INFO]  raft: updating configuration: command=AddVoter server-id=nodee server-addr=servere:6000 servers="[{Suffrage:Voter ID:nodea Address:172.20.0.2:6000} {Suffrage:Voter ID:noded Address:serverd:6000} {Suffrage:Voter ID:nodee Address:servere:6000}]"
servera-1  | 2024-04-18T02:41:39.189Z [INFO]  raft: added peer, starting replication: peer=nodee
servera-1  | [store] 2024/04/18 02:41:39 node nodee at servere:6000 joined successfully
servere-1  | 2024/04/18 02:41:39 hraftd started successfully, listening on http://servere:5000
servere-1  | 2024-04-18T02:41:39.189Z [WARN]  raft: failed to get previous log: previous-index=4 last-index=0 error="log not found"
servera-1  | 2024-04-18T02:41:39.189Z [WARN]  raft: appendEntries rejected, sending older logs: peer="{Voter nodee servere:6000}" next=1
servera-1  | 2024-04-18T02:41:39.189Z [INFO]  raft: pipelining replication: peer="{Voter nodee servere:6000}"
serverb-1  | 2024-04-18T02:41:39.495Z [INFO]  raft: initial configuration: index=0 servers=[]
serverb-1  | 2024-04-18T02:41:39.495Z [INFO]  raft: entering follower state: follower="Node at 172.20.0.7:6000 [Follower]" leader-address= leader-id=
servera-1  | [store] 2024/04/18 02:41:39 received join request for remote node nodeb at serverb:6000
servera-1  | 2024-04-18T02:41:39.496Z [INFO]  raft: updating configuration: command=AddVoter server-id=nodeb server-addr=serverb:6000 servers="[{Suffrage:Voter ID:nodea Address:172.20.0.2:6000} {Suffrage:Voter ID:noded Address:serverd:6000} {Suffrage:Voter ID:nodee Address:servere:6000} {Suffrage:Voter ID:nodeb Address:serverb:6000}]"
servera-1  | 2024-04-18T02:41:39.496Z [INFO]  raft: added peer, starting replication: peer=nodeb
serverc-1  | 2024-04-18T02:41:39.496Z [INFO]  raft: initial configuration: index=0 servers=[]
serverc-1  | 2024-04-18T02:41:39.496Z [INFO]  raft: entering follower state: follower="Node at 172.20.0.6:6000 [Follower]" leader-address= leader-id=
servera-1  | [store] 2024/04/18 02:41:39 node nodeb at serverb:6000 joined successfully
serverb-1  | 2024/04/18 02:41:39 hraftd started successfully, listening on http://serverb:5000
serverb-1  | 2024-04-18T02:41:39.496Z [WARN]  raft: failed to get previous log: previous-index=5 last-index=0 error="log not found"
servera-1  | 2024-04-18T02:41:39.496Z [WARN]  raft: appendEntries rejected, sending older logs: peer="{Voter nodeb serverb:6000}" next=1
servera-1  | [store] 2024/04/18 02:41:39 received join request for remote node nodec at serverc:6000
servera-1  | 2024-04-18T02:41:39.497Z [INFO]  raft: updating configuration: command=AddVoter server-id=nodec server-addr=serverc:6000 servers="[{Suffrage:Voter ID:nodea Address:172.20.0.2:6000} {Suffrage:Voter ID:noded Address:serverd:6000} {Suffrage:Voter ID:nodee Address:servere:6000} {Suffrage:Voter ID:nodeb Address:serverb:6000} {Suffrage:Voter ID:nodec Address:serverc:6000}]"
servera-1  | 2024-04-18T02:41:39.497Z [INFO]  raft: pipelining replication: peer="{Voter nodeb serverb:6000}"
servera-1  | 2024-04-18T02:41:39.497Z [INFO]  raft: added peer, starting replication: peer=nodec
servera-1  | [store] 2024/04/18 02:41:39 node nodec at serverc:6000 joined successfully
serverc-1  | 2024/04/18 02:41:39 hraftd started successfully, listening on http://serverc:5000
serverc-1  | 2024-04-18T02:41:39.497Z [WARN]  raft: failed to get previous log: previous-index=6 last-index=0 error="log not found"
servera-1  | 2024-04-18T02:41:39.497Z [WARN]  raft: appendEntries rejected, sending older logs: peer="{Voter nodec serverc:6000}" next=1
servera-1  | 2024-04-18T02:41:39.497Z [INFO]  raft: pipelining replication: peer="{Voter nodec serverc:6000}"
client-1   |   0% 0/100 [00:00<?, ?it/s]100% 100/100 [00:00<00:00, 1351.35it/s]
client-1   |   0% 0/100 [00:00<?, ?it/s]100% 100/100 [00:00<00:00, 1396.72it/s]
client-1   | Traceback (most recent call last):
client-1   |   File "/usr/local/lib/python3.11/site-packages/requests/models.py", line 971, in json
client-1   |     return complexjson.loads(self.text, **kwargs)
client-1   |            ^^^^^^^^^^^^^^^^^^^^^^^^^^^^^^^^^^^^^^
client-1   |   File "/usr/local/lib/python3.11/json/__init__.py", line 346, in loads
client-1   |     return _default_decoder.decode(s)
client-1   |            ^^^^^^^^^^^^^^^^^^^^^^^^^^
client-1   |   File "/usr/local/lib/python3.11/json/decoder.py", line 337, in decode
client-1   |     obj, end = self.raw_decode(s, idx=_w(s, 0).end())
client-1   |                ^^^^^^^^^^^^^^^^^^^^^^^^^^^^^^^^^^^^^^
client-1   |   File "/usr/local/lib/python3.11/json/decoder.py", line 355, in raw_decode
client-1   |     raise JSONDecodeError("Expecting value", s, err.value) from None
client-1   | json.decoder.JSONDecodeError: Expecting value: line 1 column 1 (char 0)
client-1   | 
client-1   | During handling of the above exception, another exception occurred:
client-1   | 
client-1   | Traceback (most recent call last):
client-1   |   File "//client.py", line 72, in <module>
client-1   |     main(args=args)
client-1   |   File "//client.py", line 23, in main
client-1   |     results = requests.get(f"{LEADER}/stats").json()
client-1   |               ^^^^^^^^^^^^^^^^^^^^^^^^^^^^^^^^^^^^^^
client-1   |   File "/usr/local/lib/python3.11/site-packages/requests/models.py", line 975, in json
client-1   |     raise RequestsJSONDecodeError(e.msg, e.doc, e.pos)
client-1   | requests.exceptions.JSONDecodeError: Expecting value: line 1 column 1 (char 0)
client-1 exited with code 1
===================== 2024-04-17 22:43:39 =====================
Attaching to client-1, servera-1, serverb-1, serverc-1, serverd-1, servere-1
servera-1  | 2024-04-18T02:44:05.219Z [INFO]  raft: initial configuration: index=0 servers=[]
servera-1  | 2024-04-18T02:44:05.219Z [INFO]  raft: entering follower state: follower="Node at 172.20.0.2:6000 [Follower]" leader-address= leader-id=
servera-1  | 2024/04/18 02:44:05 hraftd started successfully, listening on http://servera:5000
servera-1  | 2024-04-18T02:44:06.375Z [WARN]  raft: heartbeat timeout reached, starting election: last-leader-addr= last-leader-id=
servera-1  | 2024-04-18T02:44:06.375Z [INFO]  raft: entering candidate state: node="Node at 172.20.0.2:6000 [Candidate]" term=2
servera-1  | 2024-04-18T02:44:06.375Z [DEBUG] raft: voting for self: term=2 id=nodea
servera-1  | 2024-04-18T02:44:06.375Z [DEBUG] raft: calculated votes needed: needed=1 term=2
servera-1  | 2024-04-18T02:44:06.375Z [DEBUG] raft: vote granted: from=nodea term=2 tally=1
servera-1  | 2024-04-18T02:44:06.375Z [INFO]  raft: election won: term=2 tally=1
servera-1  | 2024-04-18T02:44:06.375Z [INFO]  raft: entering leader state: leader="Node at 172.20.0.2:6000 [Leader]"
serverc-1  | 2024-04-18T02:44:09.716Z [INFO]  raft: initial configuration: index=0 servers=[]
serverc-1  | 2024-04-18T02:44:09.716Z [INFO]  raft: entering follower state: follower="Node at 172.20.0.5:6000 [Follower]" leader-address= leader-id=
servere-1  | 2024-04-18T02:44:09.716Z [INFO]  raft: initial configuration: index=0 servers=[]
servere-1  | 2024-04-18T02:44:09.716Z [INFO]  raft: entering follower state: follower="Node at 172.20.0.4:6000 [Follower]" leader-address= leader-id=
servera-1  | [store] 2024/04/18 02:44:09 received join request for remote node nodec at serverc:6000
servera-1  | 2024-04-18T02:44:09.717Z [INFO]  raft: updating configuration: command=AddVoter server-id=nodec server-addr=serverc:6000 servers="[{Suffrage:Voter ID:nodea Address:172.20.0.2:6000} {Suffrage:Voter ID:nodec Address:serverc:6000}]"
servera-1  | [store] 2024/04/18 02:44:09 received join request for remote node nodee at servere:6000
servera-1  | 2024-04-18T02:44:09.717Z [INFO]  raft: added peer, starting replication: peer=nodec
servera-1  | 2024-04-18T02:44:09.717Z [INFO]  raft: updating configuration: command=AddVoter server-id=nodee server-addr=servere:6000 servers="[{Suffrage:Voter ID:nodea Address:172.20.0.2:6000} {Suffrage:Voter ID:nodec Address:serverc:6000} {Suffrage:Voter ID:nodee Address:servere:6000}]"
servera-1  | 2024-04-18T02:44:09.717Z [INFO]  raft: added peer, starting replication: peer=nodee
servera-1  | [store] 2024/04/18 02:44:09 node nodec at serverc:6000 joined successfully
serverc-1  | 2024/04/18 02:44:09 hraftd started successfully, listening on http://serverc:5000
servere-1  | 2024-04-18T02:44:09.718Z [WARN]  raft: failed to get previous log: previous-index=4 last-index=0 error="log not found"
serverc-1  | 2024-04-18T02:44:09.718Z [WARN]  raft: failed to get previous log: previous-index=3 last-index=0 error="log not found"
servera-1  | 2024-04-18T02:44:09.718Z [WARN]  raft: appendEntries rejected, sending older logs: peer="{Voter nodee servere:6000}" next=1
servera-1  | 2024-04-18T02:44:09.718Z [WARN]  raft: appendEntries rejected, sending older logs: peer="{Voter nodec serverc:6000}" next=1
servera-1  | 2024-04-18T02:44:09.718Z [INFO]  raft: pipelining replication: peer="{Voter nodee servere:6000}"
servera-1  | [store] 2024/04/18 02:44:09 node nodee at servere:6000 joined successfully
servera-1  | 2024-04-18T02:44:09.718Z [INFO]  raft: pipelining replication: peer="{Voter nodec serverc:6000}"
servere-1  | 2024/04/18 02:44:09 hraftd started successfully, listening on http://servere:5000
serverb-1  | 2024-04-18T02:44:09.860Z [INFO]  raft: initial configuration: index=0 servers=[]
serverd-1  | 2024-04-18T02:44:09.860Z [INFO]  raft: initial configuration: index=0 servers=[]
serverb-1  | 2024-04-18T02:44:09.860Z [INFO]  raft: entering follower state: follower="Node at 172.20.0.7:6000 [Follower]" leader-address= leader-id=
serverd-1  | 2024-04-18T02:44:09.860Z [INFO]  raft: entering follower state: follower="Node at 172.20.0.6:6000 [Follower]" leader-address= leader-id=
servera-1  | [store] 2024/04/18 02:44:09 received join request for remote node nodeb at serverb:6000
servera-1  | [store] 2024/04/18 02:44:09 received join request for remote node noded at serverd:6000
servera-1  | 2024-04-18T02:44:09.861Z [INFO]  raft: updating configuration: command=AddVoter server-id=nodeb server-addr=serverb:6000 servers="[{Suffrage:Voter ID:nodea Address:172.20.0.2:6000} {Suffrage:Voter ID:nodec Address:serverc:6000} {Suffrage:Voter ID:nodee Address:servere:6000} {Suffrage:Voter ID:nodeb Address:serverb:6000}]"
servera-1  | 2024-04-18T02:44:09.861Z [INFO]  raft: added peer, starting replication: peer=nodeb
servera-1  | [store] 2024/04/18 02:44:09 node nodeb at serverb:6000 joined successfully
servera-1  | 2024-04-18T02:44:09.861Z [INFO]  raft: updating configuration: command=AddVoter server-id=noded server-addr=serverd:6000 servers="[{Suffrage:Voter ID:nodea Address:172.20.0.2:6000} {Suffrage:Voter ID:nodec Address:serverc:6000} {Suffrage:Voter ID:nodee Address:servere:6000} {Suffrage:Voter ID:nodeb Address:serverb:6000} {Suffrage:Voter ID:noded Address:serverd:6000}]"
servera-1  | 2024-04-18T02:44:09.861Z [INFO]  raft: added peer, starting replication: peer=noded
serverb-1  | 2024/04/18 02:44:09 hraftd started successfully, listening on http://serverb:5000
servera-1  | [store] 2024/04/18 02:44:09 node noded at serverd:6000 joined successfully
serverb-1  | 2024-04-18T02:44:09.861Z [WARN]  raft: failed to get previous log: previous-index=5 last-index=0 error="log not found"
serverd-1  | 2024/04/18 02:44:09 hraftd started successfully, listening on http://serverd:5000
servera-1  | 2024-04-18T02:44:09.861Z [WARN]  raft: appendEntries rejected, sending older logs: peer="{Voter nodeb serverb:6000}" next=1
serverd-1  | 2024-04-18T02:44:09.862Z [WARN]  raft: failed to get previous log: previous-index=6 last-index=0 error="log not found"
servera-1  | 2024-04-18T02:44:09.862Z [WARN]  raft: appendEntries rejected, sending older logs: peer="{Voter noded serverd:6000}" next=1
servera-1  | 2024-04-18T02:44:09.862Z [INFO]  raft: pipelining replication: peer="{Voter nodeb serverb:6000}"
servera-1  | 2024-04-18T02:44:09.862Z [INFO]  raft: pipelining replication: peer="{Voter noded serverd:6000}"
client-1   |   0% 0/100 [00:00<?, ?it/s]100% 100/100 [00:00<00:00, 1497.31it/s]
client-1   |   0% 0/100 [00:00<?, ?it/s]100% 100/100 [00:00<00:00, 1436.10it/s]
client-1   | b''
client-1   | <Response [400]>
client-1   | Traceback (most recent call last):
client-1   |   File "//client.py", line 73, in <module>
client-1   |     main(args=args)
client-1   |   File "//client.py", line 28, in main
client-1   |     time = results['avg']
client-1   |            ~~~~~~~^^^^^^^
client-1   | TypeError: 'Response' object is not subscriptable
client-1 exited with code 1
===================== 2024-04-17 22:48:24 =====================
Attaching to client-1, servera-1, serverb-1, serverc-1, serverd-1, servere-1
servera-1  | 2024-04-18T02:48:51.355Z [INFO]  raft: initial configuration: index=0 servers=[]
servera-1  | 2024-04-18T02:48:51.355Z [INFO]  raft: entering follower state: follower="Node at 172.20.0.2:6000 [Follower]" leader-address= leader-id=
servera-1  | 2024/04/18 02:48:51 hraftd started successfully, listening on http://servera:5000
servera-1  | 2024-04-18T02:48:52.741Z [WARN]  raft: heartbeat timeout reached, starting election: last-leader-addr= last-leader-id=
servera-1  | 2024-04-18T02:48:52.741Z [INFO]  raft: entering candidate state: node="Node at 172.20.0.2:6000 [Candidate]" term=2
servera-1  | 2024-04-18T02:48:52.741Z [DEBUG] raft: voting for self: term=2 id=nodea
servera-1  | 2024-04-18T02:48:52.741Z [DEBUG] raft: calculated votes needed: needed=1 term=2
servera-1  | 2024-04-18T02:48:52.741Z [DEBUG] raft: vote granted: from=nodea term=2 tally=1
servera-1  | 2024-04-18T02:48:52.741Z [INFO]  raft: election won: term=2 tally=1
servera-1  | 2024-04-18T02:48:52.741Z [INFO]  raft: entering leader state: leader="Node at 172.20.0.2:6000 [Leader]"
serverd-1  | 2024-04-18T02:48:55.689Z [INFO]  raft: initial configuration: index=0 servers=[]
serverd-1  | 2024-04-18T02:48:55.689Z [INFO]  raft: entering follower state: follower="Node at 172.20.0.3:6000 [Follower]" leader-address= leader-id=
serverb-1  | 2024-04-18T02:48:55.689Z [INFO]  raft: initial configuration: index=0 servers=[]
serverb-1  | 2024-04-18T02:48:55.689Z [INFO]  raft: entering follower state: follower="Node at 172.20.0.4:6000 [Follower]" leader-address= leader-id=
servera-1  | [store] 2024/04/18 02:48:55 received join request for remote node noded at serverd:6000
servera-1  | 2024-04-18T02:48:55.690Z [INFO]  raft: updating configuration: command=AddVoter server-id=noded server-addr=serverd:6000 servers="[{Suffrage:Voter ID:nodea Address:172.20.0.2:6000} {Suffrage:Voter ID:noded Address:serverd:6000}]"
servera-1  | 2024-04-18T02:48:55.690Z [INFO]  raft: added peer, starting replication: peer=noded
servera-1  | [store] 2024/04/18 02:48:55 node noded at serverd:6000 joined successfully
serverd-1  | 2024/04/18 02:48:55 hraftd started successfully, listening on http://serverd:5000
servera-1  | [store] 2024/04/18 02:48:55 received join request for remote node nodeb at serverb:6000
servera-1  | 2024-04-18T02:48:55.690Z [INFO]  raft: updating configuration: command=AddVoter server-id=nodeb server-addr=serverb:6000 servers="[{Suffrage:Voter ID:nodea Address:172.20.0.2:6000} {Suffrage:Voter ID:noded Address:serverd:6000} {Suffrage:Voter ID:nodeb Address:serverb:6000}]"
servera-1  | 2024-04-18T02:48:55.690Z [INFO]  raft: added peer, starting replication: peer=nodeb
serverd-1  | 2024-04-18T02:48:55.690Z [WARN]  raft: failed to get previous log: previous-index=3 last-index=0 error="log not found"
serverb-1  | 2024-04-18T02:48:55.690Z [WARN]  raft: failed to get previous log: previous-index=4 last-index=0 error="log not found"
servera-1  | 2024-04-18T02:48:55.690Z [WARN]  raft: appendEntries rejected, sending older logs: peer="{Voter noded serverd:6000}" next=1
servera-1  | 2024-04-18T02:48:55.690Z [WARN]  raft: appendEntries rejected, sending older logs: peer="{Voter nodeb serverb:6000}" next=1
servera-1  | 2024-04-18T02:48:55.690Z [INFO]  raft: pipelining replication: peer="{Voter noded serverd:6000}"
servera-1  | 2024-04-18T02:48:55.690Z [INFO]  raft: pipelining replication: peer="{Voter nodeb serverb:6000}"
servera-1  | [store] 2024/04/18 02:48:55 node nodeb at serverb:6000 joined successfully
serverb-1  | 2024/04/18 02:48:55 hraftd started successfully, listening on http://serverb:5000
serverc-1  | 2024-04-18T02:48:55.856Z [INFO]  raft: initial configuration: index=0 servers=[]
servere-1  | 2024-04-18T02:48:55.856Z [INFO]  raft: initial configuration: index=0 servers=[]
servere-1  | 2024-04-18T02:48:55.856Z [INFO]  raft: entering follower state: follower="Node at 172.20.0.5:6000 [Follower]" leader-address= leader-id=
serverc-1  | 2024-04-18T02:48:55.856Z [INFO]  raft: entering follower state: follower="Node at 172.20.0.6:6000 [Follower]" leader-address= leader-id=
servera-1  | [store] 2024/04/18 02:48:55 received join request for remote node nodee at servere:6000
servera-1  | [store] 2024/04/18 02:48:55 received join request for remote node nodec at serverc:6000
servera-1  | 2024-04-18T02:48:55.857Z [INFO]  raft: updating configuration: command=AddVoter server-id=nodee server-addr=servere:6000 servers="[{Suffrage:Voter ID:nodea Address:172.20.0.2:6000} {Suffrage:Voter ID:noded Address:serverd:6000} {Suffrage:Voter ID:nodeb Address:serverb:6000} {Suffrage:Voter ID:nodee Address:servere:6000}]"
servera-1  | 2024-04-18T02:48:55.857Z [INFO]  raft: added peer, starting replication: peer=nodee
servera-1  | [store] 2024/04/18 02:48:55 node nodee at servere:6000 joined successfully
servera-1  | 2024-04-18T02:48:55.857Z [INFO]  raft: updating configuration: command=AddVoter server-id=nodec server-addr=serverc:6000 servers="[{Suffrage:Voter ID:nodea Address:172.20.0.2:6000} {Suffrage:Voter ID:noded Address:serverd:6000} {Suffrage:Voter ID:nodeb Address:serverb:6000} {Suffrage:Voter ID:nodee Address:servere:6000} {Suffrage:Voter ID:nodec Address:serverc:6000}]"
servera-1  | 2024-04-18T02:48:55.857Z [INFO]  raft: added peer, starting replication: peer=nodec
servere-1  | 2024/04/18 02:48:55 hraftd started successfully, listening on http://servere:5000
servera-1  | [store] 2024/04/18 02:48:55 node nodec at serverc:6000 joined successfully
serverc-1  | 2024/04/18 02:48:55 hraftd started successfully, listening on http://serverc:5000
servere-1  | 2024-04-18T02:48:55.857Z [WARN]  raft: failed to get previous log: previous-index=5 last-index=0 error="log not found"
servera-1  | 2024-04-18T02:48:55.857Z [WARN]  raft: appendEntries rejected, sending older logs: peer="{Voter nodee servere:6000}" next=1
serverc-1  | 2024-04-18T02:48:55.857Z [WARN]  raft: failed to get previous log: previous-index=6 last-index=0 error="log not found"
servera-1  | 2024-04-18T02:48:55.857Z [WARN]  raft: appendEntries rejected, sending older logs: peer="{Voter nodec serverc:6000}" next=1
servera-1  | 2024-04-18T02:48:55.858Z [INFO]  raft: pipelining replication: peer="{Voter nodee servere:6000}"
servera-1  | 2024-04-18T02:48:55.858Z [INFO]  raft: pipelining replication: peer="{Voter nodec serverc:6000}"
client-1   |   0% 0/100 [00:00<?, ?it/s]100% 100/100 [00:00<00:00, 1360.53it/s]
client-1   |   0% 0/100 [00:00<?, ?it/s]100% 100/100 [00:00<00:00, 1348.70it/s]
client-1   | {'Date': 'Thu, 18 Apr 2024 02:49:01 GMT', 'Content-Length': '0'}
client-1 exited with code 0
===================== 2024-04-17 22:57:16 =====================
Attaching to client-1, servera-1, serverb-1, serverc-1, serverd-1, servere-1
servera-1  | 2024-04-18T02:57:47.960Z [INFO]  raft: initial configuration: index=0 servers=[]
servera-1  | 2024-04-18T02:57:47.960Z [INFO]  raft: entering follower state: follower="Node at 172.20.0.2:6000 [Follower]" leader-address= leader-id=
servera-1  | 2024/04/18 02:57:47 hraftd started successfully, listening on http://servera:5000
servera-1  | 2024-04-18T02:57:49.533Z [WARN]  raft: heartbeat timeout reached, starting election: last-leader-addr= last-leader-id=
servera-1  | 2024-04-18T02:57:49.533Z [INFO]  raft: entering candidate state: node="Node at 172.20.0.2:6000 [Candidate]" term=2
servera-1  | 2024-04-18T02:57:49.533Z [DEBUG] raft: voting for self: term=2 id=nodea
servera-1  | 2024-04-18T02:57:49.533Z [DEBUG] raft: calculated votes needed: needed=1 term=2
servera-1  | 2024-04-18T02:57:49.534Z [DEBUG] raft: vote granted: from=nodea term=2 tally=1
servera-1  | 2024-04-18T02:57:49.534Z [INFO]  raft: election won: term=2 tally=1
servera-1  | 2024-04-18T02:57:49.534Z [INFO]  raft: entering leader state: leader="Node at 172.20.0.2:6000 [Leader]"
servere-1  | 2024-04-18T02:57:52.333Z [INFO]  raft: initial configuration: index=0 servers=[]
servere-1  | 2024-04-18T02:57:52.333Z [INFO]  raft: entering follower state: follower="Node at 172.20.0.3:6000 [Follower]" leader-address= leader-id=
serverc-1  | 2024-04-18T02:57:52.333Z [INFO]  raft: initial configuration: index=0 servers=[]
serverc-1  | 2024-04-18T02:57:52.333Z [INFO]  raft: entering follower state: follower="Node at 172.20.0.4:6000 [Follower]" leader-address= leader-id=
servera-1  | [store] 2024/04/18 02:57:52 received join request for remote node nodec at serverc:6000
servera-1  | 2024-04-18T02:57:52.334Z [INFO]  raft: updating configuration: command=AddVoter server-id=nodec server-addr=serverc:6000 servers="[{Suffrage:Voter ID:nodea Address:172.20.0.2:6000} {Suffrage:Voter ID:nodec Address:serverc:6000}]"
servera-1  | [store] 2024/04/18 02:57:52 received join request for remote node nodee at servere:6000
servera-1  | 2024-04-18T02:57:52.334Z [INFO]  raft: added peer, starting replication: peer=nodec
servera-1  | 2024-04-18T02:57:52.334Z [INFO]  raft: updating configuration: command=AddVoter server-id=nodee server-addr=servere:6000 servers="[{Suffrage:Voter ID:nodea Address:172.20.0.2:6000} {Suffrage:Voter ID:nodec Address:serverc:6000} {Suffrage:Voter ID:nodee Address:servere:6000}]"
servera-1  | 2024-04-18T02:57:52.334Z [INFO]  raft: added peer, starting replication: peer=nodee
servera-1  | [store] 2024/04/18 02:57:52 node nodec at serverc:6000 joined successfully
serverc-1  | 2024/04/18 02:57:52 hraftd started successfully, listening on http://serverc:5000
servere-1  | 2024-04-18T02:57:52.335Z [WARN]  raft: failed to get previous log: previous-index=4 last-index=0 error="log not found"
serverc-1  | 2024-04-18T02:57:52.335Z [WARN]  raft: failed to get previous log: previous-index=3 last-index=0 error="log not found"
servera-1  | 2024-04-18T02:57:52.335Z [WARN]  raft: appendEntries rejected, sending older logs: peer="{Voter nodee servere:6000}" next=1
servera-1  | 2024-04-18T02:57:52.335Z [WARN]  raft: appendEntries rejected, sending older logs: peer="{Voter nodec serverc:6000}" next=1
servera-1  | 2024-04-18T02:57:52.335Z [INFO]  raft: pipelining replication: peer="{Voter nodee servere:6000}"
servera-1  | [store] 2024/04/18 02:57:52 node nodee at servere:6000 joined successfully
servera-1  | 2024-04-18T02:57:52.335Z [INFO]  raft: pipelining replication: peer="{Voter nodec serverc:6000}"
servere-1  | 2024/04/18 02:57:52 hraftd started successfully, listening on http://servere:5000
serverb-1  | 2024-04-18T02:57:52.514Z [INFO]  raft: initial configuration: index=0 servers=[]
serverb-1  | 2024-04-18T02:57:52.514Z [INFO]  raft: entering follower state: follower="Node at 172.20.0.5:6000 [Follower]" leader-address= leader-id=
servera-1  | [store] 2024/04/18 02:57:52 received join request for remote node nodeb at serverb:6000
servera-1  | 2024-04-18T02:57:52.514Z [INFO]  raft: updating configuration: command=AddVoter server-id=nodeb server-addr=serverb:6000 servers="[{Suffrage:Voter ID:nodea Address:172.20.0.2:6000} {Suffrage:Voter ID:nodec Address:serverc:6000} {Suffrage:Voter ID:nodee Address:servere:6000} {Suffrage:Voter ID:nodeb Address:serverb:6000}]"
servera-1  | 2024-04-18T02:57:52.514Z [INFO]  raft: added peer, starting replication: peer=nodeb
servera-1  | [store] 2024/04/18 02:57:52 node nodeb at serverb:6000 joined successfully
serverb-1  | 2024/04/18 02:57:52 hraftd started successfully, listening on http://serverb:5000
serverb-1  | 2024-04-18T02:57:52.515Z [WARN]  raft: failed to get previous log: previous-index=5 last-index=0 error="log not found"
servera-1  | 2024-04-18T02:57:52.515Z [WARN]  raft: appendEntries rejected, sending older logs: peer="{Voter nodeb serverb:6000}" next=1
servera-1  | 2024-04-18T02:57:52.515Z [INFO]  raft: pipelining replication: peer="{Voter nodeb serverb:6000}"
serverd-1  | 2024-04-18T02:57:52.624Z [INFO]  raft: initial configuration: index=0 servers=[]
serverd-1  | 2024-04-18T02:57:52.625Z [INFO]  raft: entering follower state: follower="Node at 172.20.0.7:6000 [Follower]" leader-address= leader-id=
servera-1  | [store] 2024/04/18 02:57:52 received join request for remote node noded at serverd:6000
servera-1  | 2024-04-18T02:57:52.625Z [INFO]  raft: updating configuration: command=AddVoter server-id=noded server-addr=serverd:6000 servers="[{Suffrage:Voter ID:nodea Address:172.20.0.2:6000} {Suffrage:Voter ID:nodec Address:serverc:6000} {Suffrage:Voter ID:nodee Address:servere:6000} {Suffrage:Voter ID:nodeb Address:serverb:6000} {Suffrage:Voter ID:noded Address:serverd:6000}]"
servera-1  | 2024-04-18T02:57:52.625Z [INFO]  raft: added peer, starting replication: peer=noded
servera-1  | [store] 2024/04/18 02:57:52 node noded at serverd:6000 joined successfully
serverd-1  | 2024/04/18 02:57:52 hraftd started successfully, listening on http://serverd:5000
serverd-1  | 2024-04-18T02:57:52.626Z [WARN]  raft: failed to get previous log: previous-index=6 last-index=0 error="log not found"
servera-1  | 2024-04-18T02:57:52.626Z [WARN]  raft: appendEntries rejected, sending older logs: peer="{Voter noded serverd:6000}" next=1
servera-1  | 2024-04-18T02:57:52.626Z [INFO]  raft: pipelining replication: peer="{Voter noded serverd:6000}"
client-1   |   0% 0/100 [00:00<?, ?it/s]100% 100/100 [00:00<00:00, 1427.86it/s]
client-1   |   0% 0/100 [00:00<?, ?it/s]100% 100/100 [00:00<00:00, 1431.77it/s]
client-1   | {'Date': 'Thu, 18 Apr 2024 02:57:57 GMT', 'Content-Length': '0'}
client-1 exited with code 0
===================== 2024-04-17 23:03:37 =====================
Attaching to client-1, servera-1, serverb-1, serverc-1, serverd-1, servere-1
servera-1  | 2024-04-18T03:04:16.016Z [INFO]  raft: initial configuration: index=0 servers=[]
servera-1  | 2024-04-18T03:04:16.016Z [INFO]  raft: entering follower state: follower="Node at 172.20.0.2:6000 [Follower]" leader-address= leader-id=
servera-1  | 2024/04/18 03:04:16 hraftd started successfully, listening on http://servera:5000
servera-1  | 2024-04-18T03:04:17.813Z [WARN]  raft: heartbeat timeout reached, starting election: last-leader-addr= last-leader-id=
servera-1  | 2024-04-18T03:04:17.813Z [INFO]  raft: entering candidate state: node="Node at 172.20.0.2:6000 [Candidate]" term=2
servera-1  | 2024-04-18T03:04:17.813Z [DEBUG] raft: voting for self: term=2 id=nodea
servera-1  | 2024-04-18T03:04:17.813Z [DEBUG] raft: calculated votes needed: needed=1 term=2
servera-1  | 2024-04-18T03:04:17.813Z [DEBUG] raft: vote granted: from=nodea term=2 tally=1
servera-1  | 2024-04-18T03:04:17.813Z [INFO]  raft: election won: term=2 tally=1
servera-1  | 2024-04-18T03:04:17.813Z [INFO]  raft: entering leader state: leader="Node at 172.20.0.2:6000 [Leader]"
serverd-1  | 2024-04-18T03:04:20.404Z [INFO]  raft: initial configuration: index=0 servers=[]
serverd-1  | 2024-04-18T03:04:20.404Z [INFO]  raft: entering follower state: follower="Node at 172.20.0.3:6000 [Follower]" leader-address= leader-id=
servera-1  | [store] 2024/04/18 03:04:20 received join request for remote node noded at serverd:6000
servera-1  | 2024-04-18T03:04:20.405Z [INFO]  raft: updating configuration: command=AddVoter server-id=noded server-addr=serverd:6000 servers="[{Suffrage:Voter ID:nodea Address:172.20.0.2:6000} {Suffrage:Voter ID:noded Address:serverd:6000}]"
servera-1  | 2024-04-18T03:04:20.405Z [INFO]  raft: added peer, starting replication: peer=noded
servera-1  | [store] 2024/04/18 03:04:20 node noded at serverd:6000 joined successfully
serverc-1  | 2024-04-18T03:04:20.405Z [INFO]  raft: initial configuration: index=0 servers=[]
serverd-1  | 2024/04/18 03:04:20 hraftd started successfully, listening on http://serverd:5000
serverc-1  | 2024-04-18T03:04:20.405Z [INFO]  raft: entering follower state: follower="Node at 172.20.0.4:6000 [Follower]" leader-address= leader-id=
serverd-1  | 2024-04-18T03:04:20.406Z [WARN]  raft: failed to get previous log: previous-index=3 last-index=0 error="log not found"
servera-1  | [store] 2024/04/18 03:04:20 received join request for remote node nodec at serverc:6000
servera-1  | 2024-04-18T03:04:20.406Z [INFO]  raft: updating configuration: command=AddVoter server-id=nodec server-addr=serverc:6000 servers="[{Suffrage:Voter ID:nodea Address:172.20.0.2:6000} {Suffrage:Voter ID:noded Address:serverd:6000} {Suffrage:Voter ID:nodec Address:serverc:6000}]"
servera-1  | 2024-04-18T03:04:20.406Z [INFO]  raft: added peer, starting replication: peer=nodec
servera-1  | 2024-04-18T03:04:20.406Z [WARN]  raft: appendEntries rejected, sending older logs: peer="{Voter noded serverd:6000}" next=1
servera-1  | 2024-04-18T03:04:20.406Z [INFO]  raft: pipelining replication: peer="{Voter noded serverd:6000}"
servera-1  | [store] 2024/04/18 03:04:20 node nodec at serverc:6000 joined successfully
serverc-1  | 2024/04/18 03:04:20 hraftd started successfully, listening on http://serverc:5000
serverc-1  | 2024-04-18T03:04:20.406Z [WARN]  raft: failed to get previous log: previous-index=4 last-index=0 error="log not found"
servera-1  | 2024-04-18T03:04:20.406Z [WARN]  raft: appendEntries rejected, sending older logs: peer="{Voter nodec serverc:6000}" next=1
servera-1  | 2024-04-18T03:04:20.406Z [INFO]  raft: pipelining replication: peer="{Voter nodec serverc:6000}"
serverb-1  | 2024-04-18T03:04:20.706Z [INFO]  raft: initial configuration: index=0 servers=[]
serverb-1  | 2024-04-18T03:04:20.706Z [INFO]  raft: entering follower state: follower="Node at 172.20.0.6:6000 [Follower]" leader-address= leader-id=
servera-1  | [store] 2024/04/18 03:04:20 received join request for remote node nodeb at serverb:6000
servera-1  | 2024-04-18T03:04:20.707Z [INFO]  raft: updating configuration: command=AddVoter server-id=nodeb server-addr=serverb:6000 servers="[{Suffrage:Voter ID:nodea Address:172.20.0.2:6000} {Suffrage:Voter ID:noded Address:serverd:6000} {Suffrage:Voter ID:nodec Address:serverc:6000} {Suffrage:Voter ID:nodeb Address:serverb:6000}]"
servera-1  | 2024-04-18T03:04:20.707Z [INFO]  raft: added peer, starting replication: peer=nodeb
servere-1  | 2024-04-18T03:04:20.707Z [INFO]  raft: initial configuration: index=0 servers=[]
servere-1  | 2024-04-18T03:04:20.707Z [INFO]  raft: entering follower state: follower="Node at 172.20.0.7:6000 [Follower]" leader-address= leader-id=
servera-1  | [store] 2024/04/18 03:04:20 node nodeb at serverb:6000 joined successfully
serverb-1  | 2024/04/18 03:04:20 hraftd started successfully, listening on http://serverb:5000
serverb-1  | 2024-04-18T03:04:20.707Z [WARN]  raft: failed to get previous log: previous-index=5 last-index=0 error="log not found"
servera-1  | 2024-04-18T03:04:20.707Z [WARN]  raft: appendEntries rejected, sending older logs: peer="{Voter nodeb serverb:6000}" next=1
servera-1  | [store] 2024/04/18 03:04:20 received join request for remote node nodee at servere:6000
servera-1  | 2024-04-18T03:04:20.708Z [INFO]  raft: updating configuration: command=AddVoter server-id=nodee server-addr=servere:6000 servers="[{Suffrage:Voter ID:nodea Address:172.20.0.2:6000} {Suffrage:Voter ID:noded Address:serverd:6000} {Suffrage:Voter ID:nodec Address:serverc:6000} {Suffrage:Voter ID:nodeb Address:serverb:6000} {Suffrage:Voter ID:nodee Address:servere:6000}]"
servera-1  | 2024-04-18T03:04:20.708Z [INFO]  raft: added peer, starting replication: peer=nodee
servera-1  | 2024-04-18T03:04:20.708Z [INFO]  raft: pipelining replication: peer="{Voter nodeb serverb:6000}"
servera-1  | [store] 2024/04/18 03:04:20 node nodee at servere:6000 joined successfully
servere-1  | 2024/04/18 03:04:20 hraftd started successfully, listening on http://servere:5000
servere-1  | 2024-04-18T03:04:20.708Z [WARN]  raft: failed to get previous log: previous-index=6 last-index=0 error="log not found"
servera-1  | 2024-04-18T03:04:20.708Z [WARN]  raft: appendEntries rejected, sending older logs: peer="{Voter nodee servere:6000}" next=1
servera-1  | 2024-04-18T03:04:20.708Z [INFO]  raft: pipelining replication: peer="{Voter nodee servere:6000}"
client-1   |   0% 0/100 [00:00<?, ?it/s]100% 100/100 [00:00<00:00, 1396.06it/s]
client-1   |   0% 0/100 [00:00<?, ?it/s]100% 100/100 [00:00<00:00, 1426.28it/s]
client-1   | Traceback (most recent call last):
client-1   |   File "/usr/local/lib/python3.11/site-packages/requests/models.py", line 971, in json
client-1   |     return complexjson.loads(self.text, **kwargs)
client-1   |            ^^^^^^^^^^^^^^^^^^^^^^^^^^^^^^^^^^^^^^
client-1   |   File "/usr/local/lib/python3.11/json/__init__.py", line 346, in loads
client-1   |     return _default_decoder.decode(s)
client-1   |            ^^^^^^^^^^^^^^^^^^^^^^^^^^
client-1   |   File "/usr/local/lib/python3.11/json/decoder.py", line 337, in decode
client-1   |     obj, end = self.raw_decode(s, idx=_w(s, 0).end())
client-1   |                ^^^^^^^^^^^^^^^^^^^^^^^^^^^^^^^^^^^^^^
client-1   |   File "/usr/local/lib/python3.11/json/decoder.py", line 355, in raw_decode
client-1   |     raise JSONDecodeError("Expecting value", s, err.value) from None
client-1   | json.decoder.JSONDecodeError: Expecting value: line 1 column 1 (char 0)
client-1   | 
client-1   | During handling of the above exception, another exception occurred:
client-1   | 
client-1   | Traceback (most recent call last):
client-1   |   File "//client.py", line 74, in <module>
client-1   |     main(args=args)
client-1   |   File "//client.py", line 24, in main
client-1   |     print(results.json())
client-1   |           ^^^^^^^^^^^^^^
client-1   |   File "/usr/local/lib/python3.11/site-packages/requests/models.py", line 975, in json
client-1   |     raise RequestsJSONDecodeError(e.msg, e.doc, e.pos)
client-1   | requests.exceptions.JSONDecodeError: Expecting value: line 1 column 1 (char 0)
client-1 exited with code 1
===================== 2024-04-17 23:35:20 =====================
Attaching to client-1, servera-1, serverb-1, serverc-1, serverd-1, servere-1
servera-1  | 2024-04-18T03:35:42.748Z [INFO]  raft: initial configuration: index=0 servers=[]
servera-1  | 2024-04-18T03:35:42.748Z [INFO]  raft: entering follower state: follower="Node at 172.20.0.2:6000 [Follower]" leader-address= leader-id=
servera-1  | 2024/04/18 03:35:42 hraftd started successfully, listening on http://servera:5000
servera-1  | 2024-04-18T03:35:44.180Z [WARN]  raft: heartbeat timeout reached, starting election: last-leader-addr= last-leader-id=
servera-1  | 2024-04-18T03:35:44.180Z [INFO]  raft: entering candidate state: node="Node at 172.20.0.2:6000 [Candidate]" term=2
servera-1  | 2024-04-18T03:35:44.180Z [DEBUG] raft: voting for self: term=2 id=nodea
servera-1  | 2024-04-18T03:35:44.180Z [DEBUG] raft: calculated votes needed: needed=1 term=2
servera-1  | 2024-04-18T03:35:44.180Z [DEBUG] raft: vote granted: from=nodea term=2 tally=1
servera-1  | 2024-04-18T03:35:44.180Z [INFO]  raft: election won: term=2 tally=1
servera-1  | 2024-04-18T03:35:44.180Z [INFO]  raft: entering leader state: leader="Node at 172.20.0.2:6000 [Leader]"
serverb-1  | 2024-04-18T03:35:47.133Z [INFO]  raft: initial configuration: index=0 servers=[]
serverb-1  | 2024-04-18T03:35:47.133Z [INFO]  raft: entering follower state: follower="Node at 172.20.0.4:6000 [Follower]" leader-address= leader-id=
servera-1  | [store] 2024/04/18 03:35:47 received join request for remote node nodeb at serverb:6000
servera-1  | 2024-04-18T03:35:47.134Z [INFO]  raft: updating configuration: command=AddVoter server-id=nodeb server-addr=serverb:6000 servers="[{Suffrage:Voter ID:nodea Address:172.20.0.2:6000} {Suffrage:Voter ID:nodeb Address:serverb:6000}]"
servera-1  | 2024-04-18T03:35:47.134Z [INFO]  raft: added peer, starting replication: peer=nodeb
servera-1  | [store] 2024/04/18 03:35:47 node nodeb at serverb:6000 joined successfully
serverb-1  | 2024/04/18 03:35:47 hraftd started successfully, listening on http://serverb:5000
serverb-1  | 2024-04-18T03:35:47.134Z [WARN]  raft: failed to get previous log: previous-index=3 last-index=0 error="log not found"
servera-1  | 2024-04-18T03:35:47.135Z [WARN]  raft: appendEntries rejected, sending older logs: peer="{Voter nodeb serverb:6000}" next=1
servera-1  | 2024-04-18T03:35:47.135Z [INFO]  raft: pipelining replication: peer="{Voter nodeb serverb:6000}"
serverc-1  | 2024-04-18T03:35:47.320Z [INFO]  raft: initial configuration: index=0 servers=[]
servere-1  | 2024-04-18T03:35:47.320Z [INFO]  raft: initial configuration: index=0 servers=[]
servere-1  | 2024-04-18T03:35:47.320Z [INFO]  raft: entering follower state: follower="Node at 172.20.0.5:6000 [Follower]" leader-address= leader-id=
serverc-1  | 2024-04-18T03:35:47.321Z [INFO]  raft: entering follower state: follower="Node at 172.20.0.6:6000 [Follower]" leader-address= leader-id=
servera-1  | [store] 2024/04/18 03:35:47 received join request for remote node nodee at servere:6000
servera-1  | [store] 2024/04/18 03:35:47 received join request for remote node nodec at serverc:6000
servera-1  | 2024-04-18T03:35:47.321Z [INFO]  raft: updating configuration: command=AddVoter server-id=nodee server-addr=servere:6000 servers="[{Suffrage:Voter ID:nodea Address:172.20.0.2:6000} {Suffrage:Voter ID:nodeb Address:serverb:6000} {Suffrage:Voter ID:nodee Address:servere:6000}]"
servera-1  | 2024-04-18T03:35:47.321Z [INFO]  raft: added peer, starting replication: peer=nodee
servera-1  | [store] 2024/04/18 03:35:47 node nodee at servere:6000 joined successfully
servera-1  | 2024-04-18T03:35:47.321Z [INFO]  raft: updating configuration: command=AddVoter server-id=nodec server-addr=serverc:6000 servers="[{Suffrage:Voter ID:nodea Address:172.20.0.2:6000} {Suffrage:Voter ID:nodeb Address:serverb:6000} {Suffrage:Voter ID:nodee Address:servere:6000} {Suffrage:Voter ID:nodec Address:serverc:6000}]"
servera-1  | 2024-04-18T03:35:47.321Z [INFO]  raft: added peer, starting replication: peer=nodec
servere-1  | 2024/04/18 03:35:47 hraftd started successfully, listening on http://servere:5000
servere-1  | 2024-04-18T03:35:47.322Z [WARN]  raft: failed to get previous log: previous-index=4 last-index=0 error="log not found"
servera-1  | 2024-04-18T03:35:47.322Z [WARN]  raft: appendEntries rejected, sending older logs: peer="{Voter nodee servere:6000}" next=1
serverc-1  | 2024-04-18T03:35:47.322Z [WARN]  raft: failed to get previous log: previous-index=5 last-index=0 error="log not found"
servera-1  | 2024-04-18T03:35:47.322Z [INFO]  raft: pipelining replication: peer="{Voter nodee servere:6000}"
servera-1  | 2024-04-18T03:35:47.322Z [WARN]  raft: appendEntries rejected, sending older logs: peer="{Voter nodec serverc:6000}" next=1
servera-1  | [store] 2024/04/18 03:35:47 node nodec at serverc:6000 joined successfully
servera-1  | 2024-04-18T03:35:47.322Z [INFO]  raft: pipelining replication: peer="{Voter nodec serverc:6000}"
serverc-1  | 2024/04/18 03:35:47 hraftd started successfully, listening on http://serverc:5000
serverd-1  | 2024-04-18T03:35:47.396Z [INFO]  raft: initial configuration: index=0 servers=[]
serverd-1  | 2024-04-18T03:35:47.396Z [INFO]  raft: entering follower state: follower="Node at 172.20.0.7:6000 [Follower]" leader-address= leader-id=
servera-1  | [store] 2024/04/18 03:35:47 received join request for remote node noded at serverd:6000
servera-1  | 2024-04-18T03:35:47.396Z [INFO]  raft: updating configuration: command=AddVoter server-id=noded server-addr=serverd:6000 servers="[{Suffrage:Voter ID:nodea Address:172.20.0.2:6000} {Suffrage:Voter ID:nodeb Address:serverb:6000} {Suffrage:Voter ID:nodee Address:servere:6000} {Suffrage:Voter ID:nodec Address:serverc:6000} {Suffrage:Voter ID:noded Address:serverd:6000}]"
servera-1  | 2024-04-18T03:35:47.396Z [INFO]  raft: added peer, starting replication: peer=noded
servera-1  | [store] 2024/04/18 03:35:47 node noded at serverd:6000 joined successfully
serverd-1  | 2024/04/18 03:35:47 hraftd started successfully, listening on http://serverd:5000
serverd-1  | 2024-04-18T03:35:47.397Z [WARN]  raft: failed to get previous log: previous-index=6 last-index=0 error="log not found"
servera-1  | 2024-04-18T03:35:47.397Z [WARN]  raft: appendEntries rejected, sending older logs: peer="{Voter noded serverd:6000}" next=1
servera-1  | 2024-04-18T03:35:47.397Z [INFO]  raft: pipelining replication: peer="{Voter noded serverd:6000}"
client-1   |   0% 0/100 [00:00<?, ?it/s]100% 100/100 [00:00<00:00, 1189.49it/s]
client-1   |   0% 0/100 [00:00<?, ?it/s]100% 100/100 [00:00<00:00, 1483.82it/s]
client-1   | {'avg': 0.00011754145000000002, 'rss': 0, 'cpu': 0, 'log': 121}
client-1 exited with code 0
